bjorn@cab689 60) srun -ppdebug -n 256 ../../optimize/sw4g LOH.2-h50.in

* Processing the grid command...
* Setting nx to 601 to be consistent with h=50
* Setting ny to 601 to be consistent with h=50
* Setting nz to 341 to be consistent with h=50

Global grid sizes (without ghost points)
Grid         h        Nx        Ny        Nz       Points
   0        50       601       601       341    123169541
Total number of grid points (without ghost points): 1.2317e+08

Done reading input file 
 no GPUs found
----------------------------------------------------
 Making Output Directory: loh2-results/

... Done!
----------------------------------------------------
setup of sources done
Running on 256 MPI tasks
starting at time 0 at cycle 1
Time step 1 t= 0.0083877
Time step 101 t= 0.847158
Time step 201 t= 1.68593
Time step 301 t= 2.5247
Time step 401 t= 3.36347
Writing BINARY SAC files, of size 501: loh2-results/sta04.[x|y|z]
Writing BINARY SAC files, of size 501: loh2-results/sta01.[x|y|z]
Writing BINARY SAC files, of size 501: loh2-results/sta07.[x|y|z]
Writing BINARY SAC files, of size 501: loh2-results/sta10.[x|y|z]
Writing BINARY SAC files, of size 501: loh2-results/sta03.[x|y|z]
Writing BINARY SAC files, of size 501: loh2-results/sta05.[x|y|z]
Writing BINARY SAC files, of size 501: loh2-results/sta08.[x|y|z]
Writing ASCII USGS file, of size 501: loh2-results/sta07.txt
Writing ASCII USGS file, of size 501: loh2-results/sta08.txt
Writing BINARY SAC files, of size 501: loh2-results/sta09.[x|y|z]
Writing ASCII USGS file, of size 501: loh2-results/sta03.txt
Writing ASCII USGS file, of size 501: loh2-results/sta01.txt
Writing ASCII USGS file, of size 501: loh2-results/sta09.txt
Writing ASCII USGS file, of size 501: loh2-results/sta05.txt
Writing ASCII USGS file, of size 501: loh2-results/sta04.txt
Writing BINARY SAC files, of size 501: loh2-results/sta02.[x|y|z]
Writing BINARY SAC files, of size 501: loh2-results/sta06.[x|y|z]
Writing ASCII USGS file, of size 501: loh2-results/sta10.txt
Writing ASCII USGS file, of size 501: loh2-results/sta02.txt
Writing ASCII USGS file, of size 501: loh2-results/sta06.txt
Time step 501 t= 4.20224
Time step 601 t= 5.04101
Time step 701 t= 5.87978
Time step 801 t= 6.71855
Time step 901 t= 7.55732
Writing BINARY SAC files, of size 1001: loh2-results/sta01.[x|y|z]
Writing BINARY SAC files, of size 1001: loh2-results/sta04.[x|y|z]
Writing BINARY SAC files, of size 1001: loh2-results/sta07.[x|y|z]
Writing BINARY SAC files, of size 1001: loh2-results/sta10.[x|y|z]
Writing BINARY SAC files, of size 1001: loh2-results/sta03.[x|y|z]
Writing BINARY SAC files, of size 1001: loh2-results/sta05.[x|y|z]
Writing BINARY SAC files, of size 1001: loh2-results/sta08.[x|y|z]
Writing ASCII USGS file, of size 1001: loh2-results/sta05.txt
Writing ASCII USGS file, of size 1001: loh2-results/sta04.txt
Writing BINARY SAC files, of size 1001: loh2-results/sta06.[x|y|z]
Writing ASCII USGS file, of size 1001: loh2-results/sta01.txt
Writing ASCII USGS file, of size 1001: loh2-results/sta03.txt
Writing ASCII USGS file, of size 1001: loh2-results/sta06.txt
Writing BINARY SAC files, of size 1001: loh2-results/sta02.[x|y|z]
Writing ASCII USGS file, of size 1001: loh2-results/sta07.txt
Writing ASCII USGS file, of size 1001: loh2-results/sta08.txt
Writing ASCII USGS file, of size 1001: loh2-results/sta02.txt
Writing ASCII USGS file, of size 1001: loh2-results/sta10.txt
Writing BINARY SAC files, of size 1001: loh2-results/sta09.[x|y|z]
Writing ASCII USGS file, of size 1001: loh2-results/sta09.txt
Time step 1001 t= 8.39609
Time step 1073 t= 9
   Execution time, solver phase 3 minutes 48.7505 seconds 
Writing BINARY SAC files, of size 1074: loh2-results/sta01.[x|y|z]
Writing BINARY SAC files, of size 1074: loh2-results/sta10.[x|y|z]
Writing BINARY SAC files, of size 1074: loh2-results/sta04.[x|y|z]
Writing BINARY SAC files, of size 1074: loh2-results/sta03.[x|y|z]
Writing BINARY SAC files, of size 1074: loh2-results/sta07.[x|y|z]
Writing BINARY SAC files, of size 1074: loh2-results/sta05.[x|y|z]
Writing BINARY SAC files, of size 1074: loh2-results/sta08.[x|y|z]
Writing ASCII USGS file, of size 1074: loh2-results/sta04.txt
Writing ASCII USGS file, of size 1074: loh2-results/sta05.txt
Writing ASCII USGS file, of size 1074: loh2-results/sta10.txt
Writing ASCII USGS file, of size 1074: loh2-results/sta01.txt
Writing ASCII USGS file, of size 1074: loh2-results/sta07.txt
Writing ASCII USGS file, of size 1074: loh2-results/sta08.txt
Writing ASCII USGS file, of size 1074: loh2-results/sta03.txt
Writing BINARY SAC files, of size 1074: loh2-results/sta06.[x|y|z]
Writing BINARY SAC files, of size 1074: loh2-results/sta02.[x|y|z]
Writing BINARY SAC files, of size 1074: loh2-results/sta09.[x|y|z]
Writing ASCII USGS file, of size 1074: loh2-results/sta06.txt
Writing ASCII USGS file, of size 1074: loh2-results/sta02.txt
Writing ASCII USGS file, of size 1074: loh2-results/sta09.txt
 Total running time: 229.336
