bjorn@cab689 135) srun -ppdebug -n 16 ../../optimize/sw4g gaussianHill.in

* Processing the grid command...
* Setting nx to 101 to be consistent with h=0.01
* Setting ny to 101 to be consistent with h=0.01
* Setting nz to 151 to be consistent with h=0.01

Global grid sizes (without ghost points)
Grid         h        Nx        Ny        Nz       Points
   0      0.01       101       101        51       520251
   1      0.01       101       101       106      1081306
Total number of grid points (without ghost points): 1.60156e+06

Done reading input file 
 no GPUs found
----------------------------------------------------
 Making Output Directory: gaussianHill-h0p01/

... Done!
----------------------------------------------------
setup of sources done
Running on 16 MPI tasks
starting at time 0 at cycle 1
Time step 1 t= 0.00380228
Time step 101 t= 0.38403
Time step 201 t= 0.764259
Time step 301 t= 1.14449
Time step 401 t= 1.52471
Time step 501 t= 1.90494
Time step 601 t= 2.28517
Time step 701 t= 2.6654
Time step 789 t= 3
   Execution time, solver phase 1 minute  8.668 seconds 
Writing ASCII USGS file, of size 790: gaussianHill-h0p01/sta02.txt
Writing ASCII USGS file, of size 790: gaussianHill-h0p01/sta04.txt
Writing ASCII USGS file, of size 790: gaussianHill-h0p01/sta03.txt
Writing ASCII USGS file, of size 790: gaussianHill-h0p01/sta01.txt
 Total running time: 68.7953
