
* Processing the grid command...
* Setting nx to 9 to be consistent with h=0.125
* Setting ny to 9 to be consistent with h=0.125
* Setting nz to 9 to be consistent with h=0.125

Global grid sizes (without ghost points)
Grid         h        Nx        Ny        Nz       Points
   0     0.125         9         9         9          729
Total number of grid points (without ghost points): 729

Using DG solver
Done reading input file 
----------------------------------------------------
 Making Output Directory: ./
		
... Done!
----------------------------------------------------

***** Number of MPI-tasks: 4 *******
****** Using OpenMP with 4 threads per MPI task *******


****** Computing the error in initial data ******
checking errors at time: 0
l2_err 1 0.00141557
l2_err 2 0.00141557
l2_err 3 0.00141557

****** CFL= 0.3 time step=0.00534759
Starting DG-solver Using 4 time derivatives and degree 2 polynomials.
checking errors at final time: 1
checking errors at time: 1
l2_err 1 0.00429485
l2_err 2 0.00429485
l2_err 3 0.00429485

***** Solver execution time: 19.2699 seconds ******
 Total running time: 19.2724
